// Jest Snapshot v1, https://goo.gl/fbAQLP

exports[`It sould be return valle component if connect the basic component 1`] = `
<Valle(Input)
  required={true}
>
  <Input
    message="It should have value"
    required={true}
    valid={false}
    validate={[Function]}
  >
    <div>
      <input
        onChange={[Function]}
      />
      <div>
        It should have value
      </div>
    </div>
  </Input>
</Valle(Input)>
`;
